---
source: tui/src/update_prompt.rs
expression: terminal.backend()
---
  ✨ 发现新版本！ 1.7.0 -> 9.9.9

  请打开发布页面下载最新版：https://github.com/yuemingruoan/better-chinese-codex/releases
  页面包含 Windows / macOS / Linux 的安装说明。

› 1. 立即打开发布页（默认浏览器）                                        
  2. 暂时跳过
  3. 本版本内不再提醒

  按 enter 继续
