---
source: tui/src/model_migration.rs
expression: terminal.backend()
---

> Codex 已升级，欢迎使用 gpt-5.1-codex-max。

  Upgrade to gpt-5.2-codex for the latest and greatest
  agentic coding model.

  如果你愿意，也可以继续使用 gpt-5.1-codex-mini。

  请选择 Codex 接下来的处理方式。

› 1. 试用新模型
  2. 继续使用当前模型

  使用 ↑/↓ 切换，按 enter 确认
