---
source: tui/src/pager_overlay.rs
expression: term.backend()
---
"/ S T A T I C / / / / / "
"a very long line that   "
"should wrap when        "
"rendered within a narrow"
"─────────────────── 0% ─"
" ↑/↓ 滚动   pgup/pgdn 翻" Hidden by multi-width symbols: [(6, " "), (8, " "), (23, " ")]
" q 退出                 " Hidden by multi-width symbols: [(4, " "), (6, " ")]
"                        "
