---
source: tui2/src/pager_overlay.rs
expression: term.backend()
---
"/ S T A T I C / / / / / / / / / / / / / "
"one                                     "
"two                                     "
"three                                   "
"~                                       "
"~                                       "
"───────────────────────────────── 100% ─"
" ↑/↓ Scroll   pgup/pgdn Page   home/end "
" q Quit                                 "
"                                        "
