---
source: tui/src/bottom_pane/mod.rs
expression: "render_snapshot(&pane, area)"
---
• 运 行 中  （ 0秒  • 按  esc 以 中 断 ）                 
  ↳ Queued follow-up question                   
    ⌥ + ↑ edit                                  
                                                
                                                
› Ask Codex to do anything                      
                                                
  100% context left · ? for shortcuts
