---
source: tui/src/chatwidget/tests.rs
expression: terminal.backend()
---
"                                                                                "
"• 正在启动 MCP 服务器：alpha （0秒 • 按 esc 以中断）                            " Hidden by multi-width symbols: [(3, " "), (5, " "), (7, " "), (9, " "), (16, " "), (18, " "), (20, " "), (22, " "), (30, " "), (33, " "), (38, " "), (45, " "), (47, " "), (49, " "), (51, " ")]
"                                                                                "
"                                                                                "
"› Ask Codex to do anything                                                      "
"                                                                                "
"  ? 查看快捷键                                                   0% 上下文已用  " Hidden by multi-width symbols: [(5, " "), (7, " "), (9, " "), (11, " "), (13, " "), (69, " "), (71, " "), (73, " "), (75, " "), (77, " ")]
