---
source: tui/src/chatwidget/tests.rs
expression: terminal.backend()
---
"                                                                                "
"• Analyzing （0秒 • 按 esc 以中断）                                             " Hidden by multi-width symbols: [(13, " "), (16, " "), (21, " "), (28, " "), (30, " "), (32, " "), (34, " ")]
"                                                                                "
"                                                                                "
"› Ask Codex to do anything                                                      "
"                                                                                "
"  0% context used · ? for shortcuts                                             "
