---
source: tui/src/chatwidget/tests.rs
expression: popup
---
  选择模型与推理强度
  可通过运行 codex -m <model_name> 或在 config.toml 中访问旧版模型

› 1. gpt-5.2-codex (default)  Latest frontier agentic coding model.
  2. gpt-5.3-codex            Latest frontier agentic coding model.
  3. gpt-5.3                  Latest frontier model with improvements across
                              knowledge, reasoning and coding
  4. gpt-5.2                  Latest frontier model with improvements across
                              knowledge, reasoning and coding
  5. gpt-5.1-codex-max        Codex-optimized flagship for deep and fast
                              reasoning.
  6. gpt-5.1-codex-mini       Optimized for codex. Cheaper, faster, but less
                              capable.

  按回车选择推理强度，或按 Esc 返回。
