---
source: tui/src/chatwidget/tests.rs
expression: popup
---
  接 近 速 率 限 制
  切 换 到  gpt-5.1-codex-mini 以 降 低 额 度 消 耗 ？

› 1. 切 换 到  gpt-5.1-codex-mini  Optimized for codex. Cheaper, faster, but less
                                capable.
  2. 保 持 当 前 模 型
  3. 保 持 当 前 模 型 （ 不 再 提 示 ）    不 再 提 示 切 换 模 型 的 额 度 提 醒 。

  按  enter 确 认 ， 或  esc 返 回
