---
source: tui/src/chatwidget/tests.rs
expression: term.backend().vt100().screen().contents()
---



























• I’m going to search the repo for where “Change Approved” is rendered to update
  that view.

• 已完成
  └ 搜索 Change Approved
    读取 diff_render.rs

• Investigating rendering code （0秒 • 按 esc 以中断）


› Summarize recent commits

  tab to queue message                                       100% context left
